---
source: tests/test_scripts.rs
expression: stdout
---

