---
source: tests/test_scripts.rs
expression: stdout
---
2
1
0
7

