---
source: tests/test_scope.rs
expression: "String::from_utf8(stdout.into_inner()).unwrap()"
---

