---
source: tests/test_jump.rs
expression: "String::from_utf8(stdout.into_inner()).unwrap()"
---
0
1
3

