---
source: tests/test_jump.rs
expression: stdout
---
0
1
3

