---
source: tests/test_scope.rs
expression: stderr
---

