---
source: tests/test_jump.rs
expression: stderr
---

