---
source: tests/test_scripts.rs
expression: stdout
---
12
5
9

