---
source: tests/test_jump.rs
expression: "String::from_utf8(stderr.into_inner()).unwrap()"
---

