---
source: tests/test_scripts.rs
expression: stdout
---
0
1
2
3
4
5
6
7
8
9
10
11
12
13
14
77777777777777
3
5
7
9
11
13
8888888888888
0
3
6
9
12
999999999999
0
4
8
12

