---
source: tests/test_jump.rs
expression: stdout
---
2
1
0
7

