---
source: tests/test_scripts.rs
expression: stdout
---
1
2
3
4

