---
source: tests/test_scripts.rs
expression: stdout
---
0
2
3
5

